python : C:\Users\Hp\
Downloads\projetmorch
id - Copy\backend\app
\models.py:102: 
SAWarning: Can't 
validate argument 
'on_delete'; can't 
locate any 
SQLAlchemy dialect 
named 'on'
At line:1 char:1
+ python 
test_models.py > 
test_output.txt 2>&1
+ ~~~~~~~~~~~~~~~~~~~
~~~~~~~~~~~~~~~~~~~~~
~~~~
    + CategoryInfo   
           : NotSpe  
  cified: (C:\User   
 s\Hp\Dow...lect     
named 'on':Strin    
g) [], RemoteExc    
eption
    + FullyQualified 
   ErrorId : Native  
  CommandError
 
  class 
GuideRoute(Base):
Traceback (most 
recent call last):
  File "C:\Users\Hp\D
ownloads\projetmorchi
d - Copy\backend\test
_models.py", line 
45, in test_models
    route = 
GuideRoute(
        
guide_id=guide.id,
    ...<6 lines>...
        
is_active=True
    )
  File "<string>", 
line 4, in __init__
  File "C:\Users\Hp\A
ppData\Roaming\Python
\Python314\site-packa
ges\sqlalchemy\orm\st
ate.py", line 596, 
in 
_initialize_instance
    with 
util.safe_reraise():
         
~~~~~~~~~~~~~~~~~^^
  File "C:\Users\Hp\A
ppData\Roaming\Python
\Python314\site-packa
ges\sqlalchemy\util\l
anghelpers.py", line 
224, in __exit__
    raise exc_value.w
ith_traceback(exc_tb)
  File "C:\Users\Hp\A
ppData\Roaming\Python
\Python314\site-packa
ges\sqlalchemy\orm\st
ate.py", line 594, 
in 
_initialize_instance
    manager.original_
init(*mixed[1:], 
**kwargs)
    ~~~~~~~~~~~~~~~~~
~~~~^^^^^^^^^^^^^^^^^
^^^^^
  File "C:\Users\Hp\A
ppData\Roaming\Python
\Python314\site-packa
ges\sqlalchemy\orm\de
cl_base.py", line 
2179, in _declarative
_constructor
    raise TypeError(
        "%r is an 
invalid keyword 
argument for %s" % 
(k, cls_.__name__)
    )
TypeError: 
'is_active' is an 
invalid keyword 
argument for 
GuideRoute
Creating tables...
Tables created successfully.
Testing data insertion...
Error inserting: 'is_active' is an invalid keyword argument for GuideRoute
